
R version 3.3.3 (2017-03-06) -- "Another Canoe"
Copyright (C) 2017 The R Foundation for Statistical Computing
Platform: x86_64-pc-linux-gnu (64-bit)

R is free software and comes with ABSOLUTELY NO WARRANTY.
You are welcome to redistribute it under certain conditions.
Type 'license()' or 'licence()' for distribution details.

  Natural language support but running in an English locale

R is a collaborative project with many contributors.
Type 'contributors()' for more information and
'citation()' on how to cite R or R packages in publications.

Type 'demo()' for some demos, 'help()' for on-line help, or
'help.start()' for an HTML browser interface to help.
Type 'q()' to quit R.

> #! /usr/bin/Rscript --vanilla
> 
> ## make.r
> ## 2016-06-03 david.montaner@gmail.com
> ## my make file for developing R packages
> 
> date ()
[1] "Sat Mar 25 15:04:23 2017"
> rm (list = ls ())
> R.version.string ##"R version 3.2.1 (2015-06-18)"
[1] "R version 3.3.3 (2017-03-06)"
> library (devtools); packageDescription ("devtools", fields = "Version") #"1.11.1"
[1] "1.12.0"
> library (knitr); packageDescription ("knitr", fields = "Version") #"1.13"
[1] "1.15.1"
> #help (package = devtools)
> 
> ################################################################################
> 
> 
> ## Clean up some directories. Usually not needed.
> unlink ("local", recursive = TRUE)
> unlink ("check", recursive = TRUE)
> ##unlink ("pkg/man", recursive = TRUE)  ## BE CAREFUL HERE !!!
> ##unlink ("pkg/NAMESPACE")              ## BE CAREFUL HERE !!!
> 
> ### Create directories
> dir.create ("local") ## to install the library locally
> dir.create ("check") ## to keep the output of the check command
> 
> ################################################################################
> 
> 
> ### Build documentation and NAMESPACE
> document (pkg = "pkg")
Updating agilent documentation
Loading agilent
> 
> ################################################################################
> 
> 
> ### FULL CHECK
> check (pkg = "pkg", check_dir = "check")
Updating agilent documentation
Loading agilent
Setting env vars ---------------------------------------------------------------
CFLAGS  : -Wall -pedantic
CXXFLAGS: -Wall -pedantic
Building agilent ---------------------------------------------------------------
'/usr/lib/R/bin/R' --no-site-file --no-environ --no-save --no-restore --quiet  \
  CMD build '/home/dmontaner/programas/R/r_mis_librerias/agilent/pkg'  \
  --no-resave-data --no-manual 

* checking for file ‘/home/dmontaner/programas/R/r_mis_librerias/agilent/pkg/DESCRIPTION’ ... OK
* preparing ‘agilent’:
* checking DESCRIPTION meta-information ... OK
* installing the package to build vignettes
* creating vignettes ... OK
* checking for LF line-endings in source and make files
* checking for empty or unneeded directories
* building ‘agilent_2.1.1.tar.gz’

Setting env vars ---------------------------------------------------------------
_R_CHECK_CRAN_INCOMING_USE_ASPELL_: TRUE
_R_CHECK_CRAN_INCOMING_           : FALSE
_R_CHECK_FORCE_SUGGESTS_          : FALSE
Checking agilent ---------------------------------------------------------------
'/usr/lib/R/bin/R' --no-site-file --no-environ --no-save --no-restore --quiet  \
  CMD check '/tmp/Rtmph3A9nz/agilent_2.1.1.tar.gz' --as-cran --timings  \
  --no-manual 

* using log directory ‘/home/dmontaner/programas/R/r_mis_librerias/agilent/check/agilent.Rcheck’
* using R version 3.3.3 (2017-03-06)
* using platform: x86_64-pc-linux-gnu (64-bit)
* using session charset: UTF-8
* using options ‘--no-manual --as-cran’
* checking for file ‘agilent/DESCRIPTION’ ... OK
* checking extension type ... Package
* this is package ‘agilent’ version ‘2.1.1’
* checking package namespace information ... OK
* checking package dependencies ... OK
* checking if this is a source package ... OK
* checking if there is a namespace ... OK
* checking for executable files ... OK
* checking for hidden files and directories ... OK
* checking for portable file names ... OK
* checking for sufficient/correct file permissions ... OK
* checking whether package ‘agilent’ can be installed ... OK
* checking installed package size ... NOTE
  installed size is 54.3Mb
  sub-directories of 1Mb or more:
    exampledata  53.9Mb
* checking package directory ... OK
* checking ‘build’ directory ... OK
* checking DESCRIPTION meta-information ... OK
* checking top-level files ... OK
* checking for left-over files ... OK
* checking index information ... OK
* checking package subdirectories ... OK
* checking R files for non-ASCII characters ... OK
* checking R files for syntax errors ... OK
* checking whether the package can be loaded ... OK
* checking whether the package can be loaded with stated dependencies ... OK
* checking whether the package can be unloaded cleanly ... OK
* checking whether the namespace can be loaded with stated dependencies ... OK
* checking whether the namespace can be unloaded cleanly ... OK
* checking loading without being on the library search path ... OK
* checking dependencies in R code ... OK
* checking S3 generic/method consistency ... OK
* checking replacement functions ... OK
* checking foreign function calls ... OK
* checking R code for possible problems ... OK
* checking Rd files ... OK
* checking Rd metadata ... OK
* checking Rd line widths ... OK
* checking Rd cross-references ... OK
* checking for missing documentation entries ... OK
* checking for code/documentation mismatches ... OK
* checking Rd \usage sections ... OK
* checking Rd contents ... OK
* checking for unstated dependencies in examples ... OK
* checking installed files from ‘inst/doc’ ... OK
* checking files in ‘vignettes’ ... OK
* checking examples ... OK
* checking for unstated dependencies in vignettes ... OK
* checking package vignettes in ‘inst/doc’ ... OK
* checking re-building of vignette outputs ... OK
* DONE

Status: 1 NOTE
See
  ‘/home/dmontaner/programas/R/r_mis_librerias/agilent/check/agilent.Rcheck/00check.log’
for details.


R CMD check results
0 errors | 0 warnings | 1 note 
checking installed package size ... NOTE
  installed size is 54.3Mb
  sub-directories of 1Mb or more:
    exampledata  53.9Mb
> 
> ## ### First (quick) CHECK of the library
> ## see how to avoid testing here ???
> ## check (pkg = "pkg",
> ##        document = FALSE,      ## document: if ‘TRUE’ (the default), will update and check documentation before running formal check.
> ##        check_dir = "check",   ## check_dir: the directory in which the package is checked
> ##        vignettes = FALSE,                           ## do not run vignette code ............ when BUILDING
> ##        args = c ("--no-examples", "--no-vignettes") ## do not run vignette code and examples when CHECKING -> args: Additional arguments passed to ‘R CMD check’
> ##        )
> 
> ## ## Examples: run separately from check
> ## run_examples (pkg = "pkg")
> 
> ## ### Test
> ## test (pkg = "pkg")
> 
> 
> ################################################################################
> 
> 
> ### Vignettes
> build_vignettes (pkg = "pkg")
Building agilent vignettes
Moving agilent.html, agilent.R to inst/doc/
Copying agilent.Rmd to inst/doc/
> 
> ## md format for Github
> knit (input = "pkg/vignettes/agilent.Rmd")


processing file: pkg/vignettes/agilent.Rmd
  |                                                                         |                                                                 |   0%  |                                                                         |.........                                                        |  14%
  ordinary text without R code

  |                                                                         |...................                                              |  29%
label: style (with options) 
List of 2
 $ echo   : logi FALSE
 $ results: chr "asis"

  |                                                                         |............................                                     |  43%
  ordinary text without R code

  |                                                                         |.....................................                            |  57%
label: unnamed-chunk-1
  |                                                                         |..............................................                   |  71%
  ordinary text without R code

  |                                                                         |........................................................         |  86%
label: unnamed-chunk-2
  |                                                                         |.................................................................| 100%
   inline R code fragments


output file: agilent.md

[1] "agilent.md"
> li <- readLines ("agilent.md")
> li <- li[-(1:which (li == "</style>"))]
> writeLines (li, "agilent.md")
> ##system ("pandoc -f markdown -t html -o SNPediaR.html SNPediaR.md")
> 
> ################################################################################
> 
> 
> ### Local Installation
> install.packages ("pkg", lib = "local", repos = NULL, INSTALL_opts = "--html")
* installing *source* package ‘agilent’ ...
** R
** inst
** preparing package for lazy loading
** help
*** installing help indices
  converting help for package ‘agilent’
    finding HTML links ... done
    agilent-package                         html  
    averageDuplicatedRows                   html  
    backg                                   html  
    backgroundCorrectAgilent                html  
    finding level-2 HTML links ... done

    deriveAgilentFeatures                   html  
    flags                                   html  
    foreg                                   html  
    normalizeAgilent                        html  
    readAgilent                             html  
    readAgilentHeader                       html  
    readAgilentHeaderS                      html  
    readGPR                                 html  
    readGPRHeaderS                          html  
** building package indices
** installing vignettes
** testing if installed package can be loaded
* DONE (agilent)
> 
> ################################################################################
> 
> 
> ### Build the package
> build (pkg = "pkg", manual = TRUE, vignettes = TRUE)
'/usr/lib/R/bin/R' --no-site-file --no-environ --no-save --no-restore --quiet  \
  CMD build '/home/dmontaner/programas/R/r_mis_librerias/agilent/pkg'  \
  --no-resave-data 

* checking for file ‘/home/dmontaner/programas/R/r_mis_librerias/agilent/pkg/DESCRIPTION’ ... OK
* preparing ‘agilent’:
* checking DESCRIPTION meta-information ... OK
* installing the package to build vignettes
* creating vignettes ... OK
* checking for LF line-endings in source and make files
* checking for empty or unneeded directories
* building ‘agilent_2.1.1.tar.gz’

[1] "/home/dmontaner/programas/R/r_mis_librerias/agilent/agilent_2.1.1.tar.gz"
> 
> 
> ###EXIT
> warnings ()
NULL
> sessionInfo ()
R version 3.3.3 (2017-03-06)
Platform: x86_64-pc-linux-gnu (64-bit)
Running under: Ubuntu 14.04.5 LTS

locale:
 [1] LC_CTYPE=en_US.UTF-8       LC_NUMERIC=C              
 [3] LC_TIME=en_US.UTF-8        LC_COLLATE=en_US.UTF-8    
 [5] LC_MONETARY=en_US.UTF-8    LC_MESSAGES=en_US.UTF-8   
 [7] LC_PAPER=en_US.UTF-8       LC_NAME=C                 
 [9] LC_ADDRESS=C               LC_TELEPHONE=C            
[11] LC_MEASUREMENT=en_US.UTF-8 LC_IDENTIFICATION=C       

attached base packages:
[1] stats     graphics  grDevices utils     datasets  methods   base     

other attached packages:
[1] BiocStyle_2.2.1 agilent_2.1.1   knitr_1.15.1    devtools_1.12.0

loaded via a namespace (and not attached):
 [1] Rcpp_0.12.10          xml2_1.1.1            magrittr_1.5         
 [4] roxygen2_6.0.1        BiocGenerics_0.20.0   zlibbioc_1.20.0      
 [7] R6_2.2.0              stringr_1.2.0         tools_3.3.3          
[10] parallel_3.3.3        Biobase_2.34.0        affy_1.52.0          
[13] withr_1.0.2           htmltools_0.3.5       commonmark_1.2       
[16] yaml_2.1.14           digest_0.6.12         assertthat_0.1       
[19] rprojroot_1.2         preprocessCore_1.36.0 crayon_1.3.2         
[22] affyio_1.44.0         evaluate_0.10         memoise_1.0.0        
[25] rmarkdown_1.4         limma_3.30.13         stringi_1.1.3        
[28] BiocInstaller_1.24.0  backports_1.0.5       desc_1.1.0           
> q ("no")
> proc.time()
   user  system elapsed 
 78.116   2.432  90.466 
